cargo : warning: unused imports: `SessionMiddleware` and 
`storage::CookieSessionStore`
At line:1 char:1
+ cargo test 2>&1 | Out-File -FilePath "c:\Users\tdmca\OneDrive\Desktop ...
+ ~~~~~~~~~~~~~~~
    + CategoryInfo          : NotSpecified: (warning: unused...ieSessionStore` 
   :String) [], RemoteException
    + FullyQualifiedErrorId : NativeCommandError
 
 --> tests\common\mod.rs:6:21
  |
6 | use actix_session::{storage::CookieSessionStore, SessionMiddleware};
  |                     ^^^^^^^^^^^^^^^^^^^^^^^^^^^  ^^^^^^^^^^^^^^^^^
  |
  = note: `#[warn(unused_imports)]` (part of `#[warn(unused)]`) on by default

warning: unused imports: `App`, `cookie::Key`, and `web`
 --> tests\common\mod.rs:7:17
  |
7 | use actix_web::{cookie::Key, test, web, App};
  |                 ^^^^^^^^^^^        ^^^  ^^^

warning: unused import: `patient_management_system::appointments`
 --> tests\common\mod.rs:8:5
  |
8 | use patient_management_system::appointments;
  |     ^^^^^^^^^^^^^^^^^^^^^^^^^^^^^^^^^^^^^^^

warning: unused import: `patient_management_system::availability`
 --> tests\common\mod.rs:9:5
  |
9 | use patient_management_system::availability;
  |     ^^^^^^^^^^^^^^^^^^^^^^^^^^^^^^^^^^^^^^^

warning: unused import: `patient_management_system::billing`
  --> tests\common\mod.rs:10:5
   |
10 | use patient_management_system::billing;
   |     ^^^^^^^^^^^^^^^^^^^^^^^^^^^^^^^^^^

warning: unused import: `patient_management_system::records`
  --> tests\common\mod.rs:12:5
   |
12 | use patient_management_system::records;
   |     ^^^^^^^^^^^^^^^^^^^^^^^^^^^^^^^^^^

warning: unused import: `patient_management_system::users`
  --> tests\common\mod.rs:13:5
   |
13 | use patient_management_system::users;
   |     ^^^^^^^^^^^^^^^^^^^^^^^^^^^^^^^^

   Compiling patient-management-system v0.1.0 
(C:\Users\tdmca\OneDrive\Desktop\webProg\Project\PatientManagementSystem)
warning: unused import: `actix_web::test`
 --> tests\test_algorithms.rs:4:5
  |
4 | use actix_web::test;
  |     ^^^^^^^^^^^^^^^

warning: function `test_tera` is never used
  --> tests\common\mod.rs:23:8
   |
23 | pub fn test_tera() -> Tera {
   |        ^^^^^^^^^
   |
   = note: `#[warn(dead_code)]` (part of `#[warn(unused)]`) on by default

warning: function `auth_get` is never used
   --> tests\common\mod.rs:115:8
    |
115 | pub fn auth_get(uri: &str, cookie: &str) -> test::TestRequest {
    |        ^^^^^^^^

warning: function `auth_post` is never used
   --> tests\common\mod.rs:121:8
    |
121 | pub fn auth_post(uri: &str, cookie: &str, body: serde_json::Value) -> 
test::TestRequest {
    |        ^^^^^^^^^

warning: `patient-management-system` (test "test_availability") generated 7 
warnings (run `cargo fix --test "test_availability" -p 
patient-management-system` to apply 7 suggestions)
warning: `patient-management-system` (test "test_billing") generated 7 
warnings (7 duplicates)
warning: `patient-management-system` (test "test_records") generated 7 
warnings (7 duplicates)
warning: `patient-management-system` (test "test_algorithms") generated 11 
warnings (7 duplicates) (run `cargo fix --test "test_algorithms" -p 
patient-management-system` to apply 1 suggestion)
warning: `patient-management-system` (test "test_appointments") generated 7 
warnings (7 duplicates)
warning: function `auth_post` is never used
   --> tests\common\mod.rs:121:8
    |
121 | pub fn auth_post(uri: &str, cookie: &str, body: serde_json::Value) -> 
test::TestRequest {
    |        ^^^^^^^^^
    |
    = note: `#[warn(dead_code)]` (part of `#[warn(unused)]`) on by default

warning: `patient-management-system` (test "test_auth") generated 8 warnings 
(7 duplicates)
    Finished `test` profile [unoptimized + debuginfo] target(s) in 8.57s
     Running unittests src\lib.rs 
(target\debug\deps\patient_management_system-d95cb082393562be.exe)

running 18 tests
test traits::tests::any_conflict_detects_overlap ... ok
test traits::tests::any_conflict_empty_schedule ... ok
test traits::tests::any_conflict_no_overlap ... ok
test traits::tests::no_overlap_entirely_before ... ok
test traits::tests::duration_one_hour ... ok
test traits::tests::duration_thirty_minutes ... ok
test traits::tests::equal_priority_is_not_higher ... ok
test traits::tests::higher_priority_wins_comparison ... ok
test traits::tests::no_overlap_entirely_after ... ok
test traits::tests::duration_full_working_day ... ok
test traits::tests::overlap_contained_within ... ok
test traits::tests::no_overlap_adjacent ... ok
test traits::tests::overlap_containing ... ok
test traits::tests::priority_badge_classes ... ok
test traits::tests::overlap_partial ... ok
test traits::tests::priority_labels_all_levels ... ok
test traits::tests::status_active_returns_true ... ok
test traits::tests::status_inactive_returns_false ... ok

test result: ok. 18 passed; 0 failed; 0 ignored; 0 measured; 0 filtered out; finished in 0.00s

     Running unittests src\main.rs 
(target\debug\deps\patient_management_system-a9df6b0abdd4d592.exe)

running 0 tests

test result: ok. 0 passed; 0 failed; 0 ignored; 0 measured; 0 filtered out; finished in 0.00s

     Running unittests src\bin\seed.rs 
(target\debug\deps\seed-c60e59cecf271b7f.exe)

running 0 tests

test result: ok. 0 passed; 0 failed; 0 ignored; 0 measured; 0 filtered out; finished in 0.00s

     Running tests\test_algorithms.rs 
(target\debug\deps\test_algorithms-423cac3f31d163d9.exe)

running 19 tests
test test_book_invalid_time_rejected ... ok
test test_earliest_slot_empty ... ok
test test_conflict_detected ... ok
test test_normal_cannot_override ... ok
test test_empty_schedule_no_conflict ... ok
test test_ownership_check_allows_own_appointment ... ok
test test_earliest_slot_after_existing ... ok
test test_cancel_triggers_waitlist_promotion ... ok
test test_ownership_check_blocks_other_patient ... ok
test test_earliest_slot_full ... ok
test test_cancelled_excluded ... ok
test test_multi_gap_earliest_slot ... ok
test test_waitlist_add ... ok
test test_suggest_slot_invalid_duration_rejected ... ok
test test_priority_bump ... ok
test test_waitlist_promote ... ok
test test_priority_equal_rejected ... ok
test test_room_conflict_detected ... ok
test test_suggest_slot_respects_existing ... ok

test result: ok. 19 passed; 0 failed; 0 ignored; 0 measured; 0 filtered out; finished in 0.14s

     Running tests\test_appointments.rs 
(target\debug\deps\test_appointments-56948d44cdfa40ff.exe)

running 12 tests
test test_suggest_slot_form_loads ... ok
test test_waitlist_page_doctor ... ok
test test_booking_form_loads ... ok
test test_waitlist_page_patient ... ok
test test_appointments_list_empty ... ok
test test_promote_waitlist_patient_forbidden ... ok
test test_book_appointment_invalid_time_http ... ok
test test_book_appointment_http ... ok
test test_appointments_list_after_booking ... ok
test test_cancel_appointment_http ... ok
test test_book_appointment_conflict_http ... ok
test test_priority_booking_http ... ok

test result: ok. 12 passed; 0 failed; 0 ignored; 0 measured; 0 filtered out; finished in 2.07s

     Running tests\test_auth.rs 
(target\debug\deps\test_auth-c03a54526aa7cb4d.exe)

running 11 tests
test test_appointments_requires_login ... ok
test test_login_nonexistent ... ok
test test_admin_can_access_user_list ... ok
test test_admin_page_requires_admin ... ok
test test_register_patient ... ok
test test_register_admin ... ok
test test_register_doctor ... ok
test test_logout ... ok
test test_login_success ... ok
test test_register_duplicate_fails ... ok
test test_login_wrong_password ... ok

test result: ok. 11 passed; 0 failed; 0 ignored; 0 measured; 0 filtered out; finished in 1.21s

     Running tests\test_availability.rs 
(target\debug\deps\test_availability-557a262894dc24a8.exe)

running 3 tests
test test_availability_page ... ok
test test_set_availability_form ... ok
test test_set_availability_submit ... ok

test result: ok. 3 passed; 0 failed; 0 ignored; 0 measured; 0 filtered out; finished in 0.50s

     Running tests\test_billing.rs 
(target\debug\deps\test_billing-a019123c1ad34ddc.exe)

running 6 tests
test test_create_invoice_requires_admin ... ok
test test_billing_page_patient ... ok
test test_create_invoice_admin ... ok
test test_create_invoice_multi_item ... ok
test test_create_invoice_bad_items_rejected ... ok
test test_payment ... ok

test result: ok. 6 passed; 0 failed; 0 ignored; 0 measured; 0 filtered out; finished in 1.09s

     Running tests\test_records.rs 
(target\debug\deps\test_records-79404dbc1e3459e4.exe)

running 4 tests
test test_create_record_requires_doctor ... ok
test test_create_record_form_doctor ... ok
test test_records_page ... ok
test test_create_record_submit_http ... ok

test result: ok. 4 passed; 0 failed; 0 ignored; 0 measured; 0 filtered out; finished in 0.83s

   Doc-tests patient_management_system

running 0 tests

test result: ok. 0 passed; 0 failed; 0 ignored; 0 measured; 0 filtered out; finished in 0.00s

